// Jest Snapshot v1, https://goo.gl/fbAQLP

exports[`The <App /> component Header renders with header props 1`] = `
<div
  className="header-container"
>
  <div
    aria-level="1"
    className="header-jobs"
    role="heading"
    tabIndex="0"
  >
    Jobs
    <div
      className="listings-count"
    >
      3
       listings
    </div>
  </div>
  <button
    className="add-save-button"
    onClick={[Function]}
  >
    Add job
  </button>
</div>
`;

exports[`The <App /> component JobsList renders with JobsList props 1`] = `
<div
  aria-hidden="true"
  className="jobs-list-container"
  id="job-list"
  role="grid"
>
  <div
    aria-label="jobs listings"
    className="jobs-list-headers"
    id="job-list-headers"
    role="row"
    tabIndex="0"
  >
    <div
      aria-label="title"
      className="header-title"
    >
      Job Title
    </div>
    <div
      aria-label="posted"
      className="header-posted"
    >
      Posted
    </div>
    <div
      aria-label="sponsorhsip"
      className="header-sponsorship"
    >
      Sponsorship
    </div>
    <div
      aria-label="status"
      className="header-status"
    >
      Status
    </div>
  </div>
  <div
    className="job-card"
    role="row"
    tabIndex="0"
  >
    <div
      className="job-title-location"
    >
      <div
        aria-label="titleProduct Manager"
        className="title"
      >
        Product Manager
      </div>
      <div
        aria-label="locationAustin, TX"
        className="location"
      >
        Austin, TX
      </div>
    </div>
    <div
      className="job-post-details"
    >
      <div
        aria-label="posted10/04/2020"
        className="posted"
      >
        10/04/2020
      </div>
      <div
        aria-label="sponsorshipFree"
        className="sponsorship"
      >
        Free
      </div>
      <div
        aria-label="statusOpen"
        className="status"
      >
        Open
      </div>
      <button
        aria-label="edit job"
        className="edit-button"
        onClick={[Function]}
        tabIndex="0"
      >
        Edit
      </button>
    </div>
  </div>
  <div
    className="job-card"
    role="row"
    tabIndex="0"
  >
    <div
      className="job-title-location"
    >
      <div
        aria-label="titleCEO"
        className="title"
      >
        CEO
      </div>
      <div
        aria-label="locationAustin, TX"
        className="location"
      >
        Austin, TX
      </div>
    </div>
    <div
      className="job-post-details"
    >
      <div
        aria-label="posted12/30/2020"
        className="posted"
      >
        12/30/2020
      </div>
      <div
        aria-label="sponsorshipSponsored"
        className="sponsorship"
      >
        Sponsored
      </div>
      <div
        aria-label="statusPaused"
        className="status"
      >
        Paused
      </div>
      <button
        aria-label="edit job"
        className="edit-button"
        onClick={[Function]}
        tabIndex="0"
      >
        Edit
      </button>
    </div>
  </div>
  <div
    className="job-card"
    role="row"
    tabIndex="0"
  >
    <div
      className="job-title-location"
    >
      <div
        aria-label="titleSoftware Engineer"
        className="title"
      >
        Software Engineer
      </div>
      <div
        aria-label="locationSeattle, WA"
        className="location"
      >
        Seattle, WA
      </div>
    </div>
    <div
      className="job-post-details"
    >
      <div
        aria-label="posted11/18/2020"
        className="posted"
      >
        11/18/2020
      </div>
      <div
        aria-label="sponsorshipFree"
        className="sponsorship"
      >
        Free
      </div>
      <div
        aria-label="statusClosed"
        className="status"
      >
        Closed
      </div>
      <button
        aria-label="edit job"
        className="edit-button"
        onClick={[Function]}
        tabIndex="0"
      >
        Edit
      </button>
    </div>
  </div>
</div>
`;

exports[`The <App /> component Navigation renders with nav props 1`] = `
<nav
  className="nav-container"
  id="nav"
>
  <div
    className="nav-title"
  >
    JobHob
  </div>
  <a
    className="skip-content"
    href="#main"
  >
    Skip to main content
  </a>
  <div
    className="user-profile"
  >
    <img
      alt="profile placeholder"
      className="user-profile--image"
      src="profilePlaceholder.svg"
    />
    <div
      className="user-profile--info"
    >
      <div
        className="user-profile--name"
      >
        Andrea Batlle
      </div>
      <div
        className="user-profile--role"
      >
        Admin
      </div>
    </div>
  </div>
</nav>
`;
