// Jest Snapshot v1, https://goo.gl/fbAQLP

exports[`The <Header /> component Header renders with Header props 1`] = `
<div
  className="header-container"
>
  <div
    aria-level="1"
    className="header-jobs"
    role="heading"
    tabIndex="0"
  >
    Jobs
    <div
      className="listings-count"
    >
      3
       listings
    </div>
  </div>
  <button
    className="add-save-button"
    onClick={[Function]}
  >
    Add job
  </button>
</div>
`;
