// Jest Snapshot v1, https://goo.gl/fbAQLP

exports[`The <JobForm /> component JobForm renders with JobForm props 1`] = `
<div
  className="job-form-container"
>
  <div
    aria-label="Add new jobFill out the information for your new job listing."
    aria-level="1"
    className="form-headers"
    role="heading"
    tabIndex="0"
  >
    <div
      className="form-heading"
    >
      Add new job
    </div>
    <div
      className="form-sub-heading"
    >
      Fill out the information for your new job listing.
    </div>
  </div>
  <form
    className="job-form"
  >
    <label
      className="label"
      tabIndex="0"
    >
      Job title
       *
    </label>
    <div
      aria-label="What is the name of the role?"
      className="sub-label"
      tabIndex="0"
    >
      What is the name of the role?
    </div>
    <input
      aria-label="title"
      className="input"
      name="title"
      onChange={[Function]}
      tabIndex="0"
      type="text"
      value=""
    />
    <label
      className="label"
      tabIndex="0"
    >
      Location
       *
    </label>
    <div
      aria-label="Where is this job?"
      className="sub-label"
      tabIndex="0"
    >
      Where is this job?
    </div>
    <input
      aria-label="title"
      className="input"
      name="location"
      onChange={[Function]}
      tabIndex="0"
      type="text"
      value=""
    />
    <label
      aria-label="Do you want to promote this job?"
      className="label"
      tabIndex="0"
    >
      Sponsorship
       *
    </label>
    <div
      aria-label="Do you want to promote this job?"
      className="sub-label"
      tabIndex="0"
    >
      Do you want to promote this job?
    </div>
    <select
      aria-label="sponsorship options"
      className="select-input"
      name="sponsorship"
      onChange={[Function]}
      value="Sponsor"
    >
      <option
        value="Sponsor"
      >
        Sponsor
      </option>
      <option
        value="Free"
      >
        Free
      </option>
    </select>
    <label
      aria-label="Are you ready to make this job posting public?"
      className="label"
      tabIndex="0"
    >
      Status
       *
    </label>
    <div
      aria-label="Are you ready to make this job posting public?"
      className="sub-label"
      tabIndex="0"
    >
      Are you ready to make this job posting public?
    </div>
    <select
      aria-label="sponsorship options"
      className="select-input"
      name="status"
      onChange={[Function]}
      tabIndex="0"
      value="Open"
    >
      <option
        value="Open"
      >
        Open
      </option>
      <option
        value="Paused"
      >
        Paused
      </option>
      <option
        value="Closed"
      >
        Closed
      </option>
    </select>
  </form>
  <div
    className="job-form--footer"
  >
    <div
      className="footer-buttons"
    >
      <button
        className="cancel-button"
        onClick={[Function]}
      >
        Cancel
      </button>
      <button
        className="add-save-button"
        onClick={[Function]}
      >
        Save
      </button>
    </div>
  </div>
</div>
`;
