// Jest Snapshot v1, https://goo.gl/fbAQLP

exports[`The <Navigation /> component Navigation renders with Navigation props 1`] = `
<nav
  className="nav-container"
  id="nav"
>
  <div
    className="nav-title"
  >
    JobHob
  </div>
  <a
    className="skip-content"
    href="#main"
  >
    Skip to main content
  </a>
  <div
    className="user-profile"
  >
    <img
      alt="profile placeholder"
      className="user-profile--image"
      src="profilePlaceholder.svg"
    />
    <div
      className="user-profile--info"
    >
      <div
        className="user-profile--name"
      >
        Andrea Cardona
      </div>
      <div
        className="user-profile--role"
      >
        Admin
      </div>
    </div>
  </div>
</nav>
`;
